../Drivers/STM32WBxx_HAL_Driver/Inc/stm32wbxx_ll_bus.h:539:22:LL_AHB2_GRP1_EnableClock	24	static
../Core/Src/main.c:85:6:sendUSBData	16	static
../Core/Src/main.c:91:10:findStrEnd	16	static
../Core/Src/main.c:105:6:sendPrediction	24	static
../Core/Src/main.c:129:6:goThroughDataset	144	static
../Core/Src/main.c:144:6:testTimeOfComputation	56	static
../Core/Src/main.c:230:6:parseLine	80	static
../Core/Src/main.c:298:5:main	24	static
../Core/Src/main.c:390:6:SystemClock_Config	112	static
../Core/Src/main.c:448:6:PeriphCommonClock_Config	88	static
../Core/Src/main.c:472:13:MX_TIM2_Init	40	static
../Core/Src/main.c:517:13:MX_TIM16_Init	8	static
../Core/Src/main.c:549:13:MX_GPIO_Init	8	static
../Core/Src/main.c:559:6:HAL_TIM_PeriodElapsedCallback	16	static
../Core/Src/main.c:581:6:Error_Handler	4	static,ignoring_inline_asm
